                Raw ADS Tape Archive Summary:  1998-801 RAF/Eldora Test
                prepared  5 January 1998 by Ronald L. Ruth
                revision  19 February 1998  RLR
 
                MSS path name: /RAF/1998/801/
 
  End                      Execution                                   Data Rate
  Date     Begin    End    Time(min)  Bitfile Name    Recs    Bytes    (Bytes/s)
-------- -------- -------- --------- ---------------- ----- ---------- ---------
01/05/98 15.56.54 16.03.30    6.62   .../RF01/R1140    2067   66545284   167536
01/05/98 16.03.32 16.15.00   11.48   .../RF02/R1141    2787   72507736   105267
01/05/98 16.15.02 16.54.49   39.81   .../RF03/R1142    2272   58903432    24660
--------
IMPORT USED TAPE DRIVE 570 FOR:  RF01, RF02, RF03
-------------------------------------------------------------------------------
Failures:
  End                      Archive
  Date     Begin    End    Time(m)   Bitfile Name   Recs    Bytes    Comments
-------- -------- -------- -------- --------------- -----  --------- ----------
  none
--------
-------------------------------------------------------------------------------
