          Raw ADS Tape Archive Test Summary:  1999-102 INDOEX
                prepared 31 Aug 1999 by Ronald L. Ruth
                revision  
 
                MSS path name: /RAF/TEST/1999/102/
 
  End      Begin    End    Archive                                     Data Rate
  Date     Time     Time   Time(m)    Bitfile Name    Recs    Bytes    (Bytes/s)
-------- -------- -------- -------  ---------------- ------ ---------- ---------
03/16/99 12.32.53 00.27.45  131.85  .../RF01A/R1318   29776  340482642    43039
example above
--------
IMPORT USED TAPE DRIVE /dev/rmt0 FOR:  
-------------------------------------------------------------------------------
Failures:
  End      Begin    End    Archive
  Date     Time     Time   Time(m)    Bitfile Name    Recs    Bytes    Comments
-------- -------- -------- -------  ---------------- ------ ---------- ---------
99/08/31 13.55.35 15:34:36    0.18  .../FF01A/R1310       0          0 Sys bug
99/08/31 13.55.46 15:34:46    0.11  .../FF02A/R1311       0          0 Sys bug
99/08/31 13.55.53 15:34:57    0.11  .../FF03A/R1312       0          0 Sys bug
99/08/31 13.56.00 15:35:07    0.10  .../FF04A/R1313       0          0 Sys bug
99/08/31 13.56.07 15:35:18    0.10  .../FF05A/R1314       0          0 Sys bug
99/08/31 13.56.13 15:35:28    0.11  .../FF05B/R1315       0          0 Sys bug
99/08/31 13.56.20 15:35:39    0.10  .../FF06A/R1316       0          0 Sys bug
99/08/31 13.56.27 15:35:49    0.10  .../FF06B/R1317       0          0 Sys bug
99/08/31 13.56.34 15:35:59    0.10  .../FF07A/R1345       0          0 Sys bug
99/08/31 13.56.40 15:36:10    0.10  .../FF08A/R1346       0          0 Sys bug
99/08/31 13.56.47 15:36:20    0.10  .../FF09A/R1347       0          0 Sys bug
99/08/31 13.56.53 15:36:31    0.10  .../FF10A/R1348       0          0 Sys bug
99/08/31 13.57.00 15:36:41    0.10  .../FF11A/R1349       0          0 Sys bug
--------
IMPORT USED TAPE DRIVE /dev/rmt0 FOR:  FF01A, FF02A, FF03A, FF04A, FF05A,
                                       FF05B, FF06A, FF06B, FF07A, FF08A,
                                       FF09A, FF10A, FF11A
-------------------------------------------------------------------------------
Multiple failures:  
------------------------------------------------------------------------------
