                Raw ADS Tape Archive Summary:  1999-105 Sulfur Instrument Test
                prepared  30 November 1999 by Ronald L. Ruth
                revision  
 
                MSS path name: /RAF/1999/105/
 
  End      Begin    End    Archive                                     Data Rate
  Date     Time     Time   Time(m)    Bitfile Name    Recs    Bytes    (Bytes/s)
-------- -------- -------- -------  ---------------- ------ ---------- ---------
11/29/99 18.06.47 18.13.40    6.88  .../TF01/R1430      979   30972724   75031
11/29/99 18.13.41 18.31.22   17.70  .../TF02/R1431     2607   78876036   74271
11/29/99 18.31.23 18.38.54    7.52  .../TF03/R1432      725   23623308   52357
11/29/99 18.38.55 18.49.45   10.84  .../TF04/R1433     1811   59140300   90929
11/29/99 18.49.45 18.56.16    6.51  .../TF05/R1434      911   29706996   76055
--------
IMPORT USED TAPE DRIVE 571 FOR:  TF01, TF02, TF03, TF04, TF05
-------------------------------------------------------------------------------
Failures:
  End      Begin    End    Archive
  Date     Time     Time   Time(m)    Bitfile Name    Recs    Bytes    Comments
-------- -------- -------- -------  ---------------- ------ ---------- ---------
  none
--------
-------------------------------------------------------------------------------
